Archive member included because of file (symbol)

f:/study programs/imt_sdk_win_64/winavr/bin/../lib/gcc/avr/4.3.3/avr5\libgcc.a(_mulsi3.o)
                              ./HAL/CLCD/CLCD_programe.o (__mulsi3)
f:/study programs/imt_sdk_win_64/winavr/bin/../lib/gcc/avr/4.3.3/avr5\libgcc.a(_udivmodhi4.o)
                              ./APP_LAYER/APP_TEMP_SENS/APP_TEMP_CTRL_SYSTEM.o (__udivmodhi4)
f:/study programs/imt_sdk_win_64/winavr/bin/../lib/gcc/avr/4.3.3/avr5\libgcc.a(_udivmodsi4.o)
                              ./HAL/CLCD/CLCD_programe.o (__udivmodsi4)
f:/study programs/imt_sdk_win_64/winavr/bin/../lib/gcc/avr/4.3.3/avr5\libgcc.a(_exit.o)
                              f:/study programs/imt_sdk_win_64/winavr/bin/../lib/gcc/avr/4.3.3/../../../../avr/lib/avr5/crtm32.o (exit)
f:/study programs/imt_sdk_win_64/winavr/bin/../lib/gcc/avr/4.3.3/avr5\libgcc.a(_copy_data.o)
                              ./HAL/KPD/KPD_program.o (__do_copy_data)
f:/study programs/imt_sdk_win_64/winavr/bin/../lib/gcc/avr/4.3.3/avr5\libgcc.a(_clear_bss.o)
                              ./MCAL/UART/UART_prg.o (__do_clear_bss)
f:/study programs/imt_sdk_win_64/winavr/bin/../lib/gcc/avr/4.3.3/avr5\libgcc.a(_fixunssfsi.o)
                              ./HAL/EEPROM/EEPROM_MT.o (__fixunssfsi)
f:/study programs/imt_sdk_win_64/winavr/bin/../lib/gcc/avr/4.3.3/avr5\libgcc.a(_addsub_sf.o)
                              f:/study programs/imt_sdk_win_64/winavr/bin/../lib/gcc/avr/4.3.3/avr5\libgcc.a(_fixunssfsi.o) (__subsf3)
f:/study programs/imt_sdk_win_64/winavr/bin/../lib/gcc/avr/4.3.3/avr5\libgcc.a(_mul_sf.o)
                              ./HAL/EEPROM/EEPROM_MT.o (__mulsf3)
f:/study programs/imt_sdk_win_64/winavr/bin/../lib/gcc/avr/4.3.3/avr5\libgcc.a(_gt_sf.o)
                              ./HAL/EEPROM/EEPROM_MT.o (__gtsf2)
f:/study programs/imt_sdk_win_64/winavr/bin/../lib/gcc/avr/4.3.3/avr5\libgcc.a(_ge_sf.o)
                              f:/study programs/imt_sdk_win_64/winavr/bin/../lib/gcc/avr/4.3.3/avr5\libgcc.a(_fixunssfsi.o) (__gesf2)
f:/study programs/imt_sdk_win_64/winavr/bin/../lib/gcc/avr/4.3.3/avr5\libgcc.a(_lt_sf.o)
                              ./HAL/EEPROM/EEPROM_MT.o (__ltsf2)
f:/study programs/imt_sdk_win_64/winavr/bin/../lib/gcc/avr/4.3.3/avr5\libgcc.a(_sf_to_si.o)
                              f:/study programs/imt_sdk_win_64/winavr/bin/../lib/gcc/avr/4.3.3/avr5\libgcc.a(_fixunssfsi.o) (__fixsfsi)
f:/study programs/imt_sdk_win_64/winavr/bin/../lib/gcc/avr/4.3.3/avr5\libgcc.a(_thenan_sf.o)
                              f:/study programs/imt_sdk_win_64/winavr/bin/../lib/gcc/avr/4.3.3/avr5\libgcc.a(_addsub_sf.o) (__thenan_sf)
f:/study programs/imt_sdk_win_64/winavr/bin/../lib/gcc/avr/4.3.3/avr5\libgcc.a(_prologue.o)
                              f:/study programs/imt_sdk_win_64/winavr/bin/../lib/gcc/avr/4.3.3/avr5\libgcc.a(_addsub_sf.o) (__prologue_saves__)
f:/study programs/imt_sdk_win_64/winavr/bin/../lib/gcc/avr/4.3.3/avr5\libgcc.a(_epilogue.o)
                              f:/study programs/imt_sdk_win_64/winavr/bin/../lib/gcc/avr/4.3.3/avr5\libgcc.a(_addsub_sf.o) (__epilogue_restores__)
f:/study programs/imt_sdk_win_64/winavr/bin/../lib/gcc/avr/4.3.3/avr5\libgcc.a(_pack_sf.o)
                              f:/study programs/imt_sdk_win_64/winavr/bin/../lib/gcc/avr/4.3.3/avr5\libgcc.a(_addsub_sf.o) (__pack_f)
f:/study programs/imt_sdk_win_64/winavr/bin/../lib/gcc/avr/4.3.3/avr5\libgcc.a(_unpack_sf.o)
                              f:/study programs/imt_sdk_win_64/winavr/bin/../lib/gcc/avr/4.3.3/avr5\libgcc.a(_addsub_sf.o) (__unpack_f)
f:/study programs/imt_sdk_win_64/winavr/bin/../lib/gcc/avr/4.3.3/avr5\libgcc.a(_fpcmp_parts_sf.o)
                              f:/study programs/imt_sdk_win_64/winavr/bin/../lib/gcc/avr/4.3.3/avr5\libgcc.a(_gt_sf.o) (__fpcmp_parts_f)

Allocating common symbols
Common symbol       size              file

CallBackReceive     0x2               ./MCAL/UART/UART_prg.o
CallBackSend        0x2               ./MCAL/UART/UART_prg.o

Memory Configuration

Name             Origin             Length             Attributes
text             0x00000000         0x00020000         xr
data             0x00800060         0x0000ffa0         rw !x
eeprom           0x00810000         0x00010000         rw !x
fuse             0x00820000         0x00000400         rw !x
lock             0x00830000         0x00000400         rw !x
signature        0x00840000         0x00000400         rw !x
*default*        0x00000000         0xffffffff

Linker script and memory map

LOAD f:/study programs/imt_sdk_win_64/winavr/bin/../lib/gcc/avr/4.3.3/../../../../avr/lib/avr5/crtm32.o
LOAD ./MCAL/UART/UART_prg.o
LOAD ./MCAL/TIMER/TIMER_programe.o
LOAD ./MCAL/PORT/PORT_program.o
LOAD ./MCAL/I2C/i2c_MT.o
LOAD ./MCAL/GIE/GIE_program.o
LOAD ./MCAL/EXTI/EXTI_program.o
LOAD ./MCAL/DIO/DIO_program.o
LOAD ./MCAL/ADC/ADC_program.o
LOAD ./HAL/LEDs/LEDs.o
LOAD ./HAL/KPD/KPD_program.o
LOAD ./HAL/EEPROM/EEPROM_MT.o
LOAD ./HAL/CLCD/CLCD_programe.o
LOAD ./HAL/BUZZER/BUZZER.o
LOAD ./APP_LAYER/APP_TEMP_SENS/APP_TEMP_CTRL_SYSTEM.o
LOAD ./APP_LAYER/APP_EEPROM/EEPROM_STORE.o
LOAD ./main.o
LOAD f:/study programs/imt_sdk_win_64/winavr/bin/../lib/gcc/avr/4.3.3/avr5\libgcc.a
LOAD f:/study programs/imt_sdk_win_64/winavr/bin/../lib/gcc/avr/4.3.3/../../../../avr/lib/avr5\libc.a
LOAD f:/study programs/imt_sdk_win_64/winavr/bin/../lib/gcc/avr/4.3.3/avr5\libgcc.a

.hash
 *(.hash)

.dynsym
 *(.dynsym)

.dynstr
 *(.dynstr)

.gnu.version
 *(.gnu.version)

.gnu.version_d
 *(.gnu.version_d)

.gnu.version_r
 *(.gnu.version_r)

.rel.init
 *(.rel.init)

.rela.init
 *(.rela.init)

.rel.text
 *(.rel.text)
 *(.rel.text.*)
 *(.rel.gnu.linkonce.t*)

.rela.text
 *(.rela.text)
 *(.rela.text.*)
 *(.rela.gnu.linkonce.t*)

.rel.fini
 *(.rel.fini)

.rela.fini
 *(.rela.fini)

.rel.rodata
 *(.rel.rodata)
 *(.rel.rodata.*)
 *(.rel.gnu.linkonce.r*)

.rela.rodata
 *(.rela.rodata)
 *(.rela.rodata.*)
 *(.rela.gnu.linkonce.r*)

.rel.data
 *(.rel.data)
 *(.rel.data.*)
 *(.rel.gnu.linkonce.d*)

.rela.data
 *(.rela.data)
 *(.rela.data.*)
 *(.rela.gnu.linkonce.d*)

.rel.ctors
 *(.rel.ctors)

.rela.ctors
 *(.rela.ctors)

.rel.dtors
 *(.rel.dtors)

.rela.dtors
 *(.rela.dtors)

.rel.got
 *(.rel.got)

.rela.got
 *(.rela.got)

.rel.bss
 *(.rel.bss)

.rela.bss
 *(.rela.bss)

.rel.plt
 *(.rel.plt)

.rela.plt
 *(.rela.plt)

.text           0x00000000     0x4384
 *(.vectors)
 .vectors       0x00000000       0x54 f:/study programs/imt_sdk_win_64/winavr/bin/../lib/gcc/avr/4.3.3/../../../../avr/lib/avr5/crtm32.o
                0x00000000                __vectors
                0x00000000                __vector_default
 *(.vectors)
 *(.progmem.gcc*)
 *(.progmem*)
                0x00000054                . = ALIGN (0x2)
                0x00000054                __trampolines_start = .
 *(.trampolines)
 .trampolines   0x00000054        0x0 linker stubs
 *(.trampolines*)
                0x00000054                __trampolines_end = .
 *(.jumptables)
 *(.jumptables*)
 *(.lowtext)
 *(.lowtext*)
                0x00000054                __ctors_start = .
 *(.ctors)
                0x00000054                __ctors_end = .
                0x00000054                __dtors_start = .
 *(.dtors)
                0x00000054                __dtors_end = .
 SORT(*)(.ctors)
 SORT(*)(.dtors)
 *(.init0)
 .init0         0x00000054        0x0 f:/study programs/imt_sdk_win_64/winavr/bin/../lib/gcc/avr/4.3.3/../../../../avr/lib/avr5/crtm32.o
                0x00000054                __init
 *(.init0)
 *(.init1)
 *(.init1)
 *(.init2)
 .init2         0x00000054        0xc f:/study programs/imt_sdk_win_64/winavr/bin/../lib/gcc/avr/4.3.3/../../../../avr/lib/avr5/crtm32.o
 *(.init2)
 *(.init3)
 *(.init3)
 *(.init4)
 .init4         0x00000060       0x16 f:/study programs/imt_sdk_win_64/winavr/bin/../lib/gcc/avr/4.3.3/avr5\libgcc.a(_copy_data.o)
                0x00000060                __do_copy_data
 .init4         0x00000076       0x10 f:/study programs/imt_sdk_win_64/winavr/bin/../lib/gcc/avr/4.3.3/avr5\libgcc.a(_clear_bss.o)
                0x00000076                __do_clear_bss
 *(.init4)
 *(.init5)
 *(.init5)
 *(.init6)
 *(.init6)
 *(.init7)
 *(.init7)
 *(.init8)
 *(.init8)
 *(.init9)
 .init9         0x00000086        0x8 f:/study programs/imt_sdk_win_64/winavr/bin/../lib/gcc/avr/4.3.3/../../../../avr/lib/avr5/crtm32.o
 *(.init9)
 *(.text)
 .text          0x0000008e        0x4 f:/study programs/imt_sdk_win_64/winavr/bin/../lib/gcc/avr/4.3.3/../../../../avr/lib/avr5/crtm32.o
                0x0000008e                __vector_12
                0x0000008e                __bad_interrupt
                0x0000008e                __vector_6
                0x0000008e                __vector_11
                0x0000008e                __vector_17
                0x0000008e                __vector_19
                0x0000008e                __vector_7
                0x0000008e                __vector_5
                0x0000008e                __vector_4
                0x0000008e                __vector_9
                0x0000008e                __vector_15
                0x0000008e                __vector_8
                0x0000008e                __vector_18
                0x0000008e                __vector_20
 .text          0x00000092        0x0 ./MCAL/UART/UART_prg.o
 .text          0x00000092        0x0 ./MCAL/TIMER/TIMER_programe.o
 .text          0x00000092        0x0 ./MCAL/PORT/PORT_program.o
 .text          0x00000092        0x0 ./MCAL/I2C/i2c_MT.o
 .text          0x00000092        0x0 ./MCAL/GIE/GIE_program.o
 .text          0x00000092        0x0 ./MCAL/EXTI/EXTI_program.o
 .text          0x00000092        0x0 ./MCAL/DIO/DIO_program.o
 .text          0x00000092        0x0 ./MCAL/ADC/ADC_program.o
 .text          0x00000092        0x0 ./HAL/LEDs/LEDs.o
 .text          0x00000092        0x0 ./HAL/KPD/KPD_program.o
 .text          0x00000092        0x0 ./HAL/EEPROM/EEPROM_MT.o
 .text          0x00000092        0x0 ./HAL/CLCD/CLCD_programe.o
 .text          0x00000092        0x0 ./HAL/BUZZER/BUZZER.o
 .text          0x00000092        0x0 ./APP_LAYER/APP_TEMP_SENS/APP_TEMP_CTRL_SYSTEM.o
 .text          0x00000092        0x0 ./APP_LAYER/APP_EEPROM/EEPROM_STORE.o
 .text          0x00000092        0x0 ./main.o
 .text          0x00000092        0x0 f:/study programs/imt_sdk_win_64/winavr/bin/../lib/gcc/avr/4.3.3/avr5\libgcc.a(_mulsi3.o)
 .text          0x00000092        0x0 f:/study programs/imt_sdk_win_64/winavr/bin/../lib/gcc/avr/4.3.3/avr5\libgcc.a(_udivmodhi4.o)
 .text          0x00000092        0x0 f:/study programs/imt_sdk_win_64/winavr/bin/../lib/gcc/avr/4.3.3/avr5\libgcc.a(_udivmodsi4.o)
 .text          0x00000092        0x0 f:/study programs/imt_sdk_win_64/winavr/bin/../lib/gcc/avr/4.3.3/avr5\libgcc.a(_exit.o)
 .text          0x00000092        0x0 f:/study programs/imt_sdk_win_64/winavr/bin/../lib/gcc/avr/4.3.3/avr5\libgcc.a(_copy_data.o)
 .text          0x00000092        0x0 f:/study programs/imt_sdk_win_64/winavr/bin/../lib/gcc/avr/4.3.3/avr5\libgcc.a(_clear_bss.o)
 .text          0x00000092       0x58 f:/study programs/imt_sdk_win_64/winavr/bin/../lib/gcc/avr/4.3.3/avr5\libgcc.a(_fixunssfsi.o)
                0x00000092                __fixunssfsi
 .text          0x000000ea      0x354 f:/study programs/imt_sdk_win_64/winavr/bin/../lib/gcc/avr/4.3.3/avr5\libgcc.a(_addsub_sf.o)
                0x00000382                __subsf3
                0x000003e4                __addsf3
 .text          0x0000043e      0x1f4 f:/study programs/imt_sdk_win_64/winavr/bin/../lib/gcc/avr/4.3.3/avr5\libgcc.a(_mul_sf.o)
                0x0000043e                __mulsf3
 .text          0x00000632       0x60 f:/study programs/imt_sdk_win_64/winavr/bin/../lib/gcc/avr/4.3.3/avr5\libgcc.a(_gt_sf.o)
                0x00000632                __gtsf2
 .text          0x00000692       0x60 f:/study programs/imt_sdk_win_64/winavr/bin/../lib/gcc/avr/4.3.3/avr5\libgcc.a(_ge_sf.o)
                0x00000692                __gesf2
 .text          0x000006f2       0x60 f:/study programs/imt_sdk_win_64/winavr/bin/../lib/gcc/avr/4.3.3/avr5\libgcc.a(_lt_sf.o)
                0x000006f2                __ltsf2
 .text          0x00000752       0xa8 f:/study programs/imt_sdk_win_64/winavr/bin/../lib/gcc/avr/4.3.3/avr5\libgcc.a(_sf_to_si.o)
                0x00000752                __fixsfsi
 .text          0x000007fa        0x0 f:/study programs/imt_sdk_win_64/winavr/bin/../lib/gcc/avr/4.3.3/avr5\libgcc.a(_thenan_sf.o)
 .text          0x000007fa        0x0 f:/study programs/imt_sdk_win_64/winavr/bin/../lib/gcc/avr/4.3.3/avr5\libgcc.a(_prologue.o)
 .text          0x000007fa        0x0 f:/study programs/imt_sdk_win_64/winavr/bin/../lib/gcc/avr/4.3.3/avr5\libgcc.a(_epilogue.o)
 .text          0x000007fa      0x1aa f:/study programs/imt_sdk_win_64/winavr/bin/../lib/gcc/avr/4.3.3/avr5\libgcc.a(_pack_sf.o)
                0x000007fa                __pack_f
 .text          0x000009a4       0xf0 f:/study programs/imt_sdk_win_64/winavr/bin/../lib/gcc/avr/4.3.3/avr5\libgcc.a(_unpack_sf.o)
                0x000009a4                __unpack_f
 .text          0x00000a94       0xb2 f:/study programs/imt_sdk_win_64/winavr/bin/../lib/gcc/avr/4.3.3/avr5\libgcc.a(_fpcmp_parts_sf.o)
                0x00000a94                __fpcmp_parts_f
                0x00000b46                . = ALIGN (0x2)
 *(.text.*)
 .text.UART_void_SetCBReceive
                0x00000b46       0x24 ./MCAL/UART/UART_prg.o
                0x00000b46                UART_void_SetCBReceive
 .text.UART_void_SetCBSend
                0x00000b6a       0x24 ./MCAL/UART/UART_prg.o
                0x00000b6a                UART_void_SetCBSend
 .text.UART_u8_ReturnUDRValue
                0x00000b8e       0x14 ./MCAL/UART/UART_prg.o
                0x00000b8e                UART_u8_ReturnUDRValue
 .text.UART_voidInit
                0x00000ba2       0xa0 ./MCAL/UART/UART_prg.o
                0x00000ba2                UART_voidInit
 .text.UART_voidSendByte
                0x00000c42       0x34 ./MCAL/UART/UART_prg.o
                0x00000c42                UART_voidSendByte
 .text.UART_voidWriteNewLine
                0x00000c76       0x14 ./MCAL/UART/UART_prg.o
                0x00000c76                UART_voidWriteNewLine
 .text.UART_voidSendString
                0x00000c8a       0x52 ./MCAL/UART/UART_prg.o
                0x00000c8a                UART_voidSendString
 .text.UART_u8ReceiveByte
                0x00000cdc       0x1e ./MCAL/UART/UART_prg.o
                0x00000cdc                UART_u8ReceiveByte
 .text.UART_voidReceiveString
                0x00000cfa       0x62 ./MCAL/UART/UART_prg.o
                0x00000cfa                UART_voidReceiveString
 .text.__vector_13
                0x00000d5c       0x5a ./MCAL/UART/UART_prg.o
                0x00000d5c                __vector_13
 .text.__vector_14
                0x00000db6       0x5a ./MCAL/UART/UART_prg.o
                0x00000db6                __vector_14
 .text.TIMER0_vidInit
                0x00000e10       0x70 ./MCAL/TIMER/TIMER_programe.o
                0x00000e10                TIMER0_vidInit
 .text.TIMER0_vidSetCompMatchValue
                0x00000e80       0x1c ./MCAL/TIMER/TIMER_programe.o
                0x00000e80                TIMER0_vidSetCompMatchValue
 .text.TIMER_u8SetCallBack
                0x00000e9c       0x3a ./MCAL/TIMER/TIMER_programe.o
                0x00000e9c                TIMER_u8SetCallBack
 .text.TIMER1_vidInit
                0x00000ed6       0x38 ./MCAL/TIMER/TIMER_programe.o
                0x00000ed6                TIMER1_vidInit
 .text.TIMER1_vidSetChannel_A_CompMatchValue
                0x00000f0e       0x24 ./MCAL/TIMER/TIMER_programe.o
                0x00000f0e                TIMER1_vidSetChannel_A_CompMatchValue
 .text.TIMER1_vidSetInputCaptureValue
                0x00000f32       0x24 ./MCAL/TIMER/TIMER_programe.o
                0x00000f32                TIMER1_vidSetInputCaptureValue
 .text.TIMER1_vidSetTimerValue
                0x00000f56       0x24 ./MCAL/TIMER/TIMER_programe.o
                0x00000f56                TIMER1_vidSetTimerValue
 .text.TIMER1_u16ReadTimerValue
                0x00000f7a       0x16 ./MCAL/TIMER/TIMER_programe.o
                0x00000f7a                TIMER1_u16ReadTimerValue
 .text.__vector_10
                0x00000f90       0x66 ./MCAL/TIMER/TIMER_programe.o
                0x00000f90                __vector_10
 .text.PORT_vidInit
                0x00000ff6       0x4a ./MCAL/PORT/PORT_program.o
                0x00000ff6                PORT_vidInit
 .text.i2c_init
                0x00001040       0x24 ./MCAL/I2C/i2c_MT.o
                0x00001040                i2c_init
 .text.i2c_start
                0x00001064       0x20 ./MCAL/I2C/i2c_MT.o
                0x00001064                i2c_start
 .text.i2c_stop
                0x00001084       0x16 ./MCAL/I2C/i2c_MT.o
                0x00001084                i2c_stop
 .text.i2c_write
                0x0000109a       0x2e ./MCAL/I2C/i2c_MT.o
                0x0000109a                i2c_write
 .text.i2c_read
                0x000010c8       0x44 ./MCAL/I2C/i2c_MT.o
                0x000010c8                i2c_read
 .text.i2c_slave_init
                0x0000110c       0x24 ./MCAL/I2C/i2c_MT.o
                0x0000110c                i2c_slave_init
 .text.i2c_slave_available
                0x00001130       0x2e ./MCAL/I2C/i2c_MT.o
                0x00001130                i2c_slave_available
 .text.i2c_get_status
                0x0000115e       0x20 ./MCAL/I2C/i2c_MT.o
                0x0000115e                i2c_get_status
 .text.GIE_vidEnable
                0x0000117e       0x1c ./MCAL/GIE/GIE_program.o
                0x0000117e                GIE_vidEnable
 .text.GIE_vidDisable
                0x0000119a       0x1c ./MCAL/GIE/GIE_program.o
                0x0000119a                GIE_vidDisable
 .text.EXTI_vidInt0Init
                0x000011b6       0x38 ./MCAL/EXTI/EXTI_program.o
                0x000011b6                EXTI_vidInt0Init
 .text.EXTI_vidInt1Init
                0x000011ee       0x38 ./MCAL/EXTI/EXTI_program.o
                0x000011ee                EXTI_vidInt1Init
 .text.EXTI_vidInt2Init
                0x00001226       0x2a ./MCAL/EXTI/EXTI_program.o
                0x00001226                EXTI_vidInt2Init
 .text.EXTI_u8Int0SetSenseControl
                0x00001250       0xdc ./MCAL/EXTI/EXTI_program.o
                0x00001250                EXTI_u8Int0SetSenseControl
 .text.EXTI_u8Int1SetSenseControl
                0x0000132c       0xdc ./MCAL/EXTI/EXTI_program.o
                0x0000132c                EXTI_u8Int1SetSenseControl
 .text.EXTI_u8Int2SetSenseControl
                0x00001408       0x64 ./MCAL/EXTI/EXTI_program.o
                0x00001408                EXTI_u8Int2SetSenseControl
 .text.EXTI_u8IntEnable
                0x0000146c       0x7a ./MCAL/EXTI/EXTI_program.o
                0x0000146c                EXTI_u8IntEnable
 .text.EXTI_u8IntDisable
                0x000014e6       0x7a ./MCAL/EXTI/EXTI_program.o
                0x000014e6                EXTI_u8IntDisable
 .text.EXTI_u8Int0SetCallBack
                0x00001560       0x44 ./MCAL/EXTI/EXTI_program.o
                0x00001560                EXTI_u8Int0SetCallBack
 .text.EXTI_u8Int1SetCallBack
                0x000015a4       0x44 ./MCAL/EXTI/EXTI_program.o
                0x000015a4                EXTI_u8Int1SetCallBack
 .text.EXTI_u8Int2SetCallBack
                0x000015e8       0x44 ./MCAL/EXTI/EXTI_program.o
                0x000015e8                EXTI_u8Int2SetCallBack
 .text.__vector_1
                0x0000162c       0x66 ./MCAL/EXTI/EXTI_program.o
                0x0000162c                __vector_1
 .text.__vector_2
                0x00001692       0x66 ./MCAL/EXTI/EXTI_program.o
                0x00001692                __vector_2
 .text.__vector_3
                0x000016f8       0x66 ./MCAL/EXTI/EXTI_program.o
                0x000016f8                __vector_3
 .text.DIO_u8SetPinValue
                0x0000175e      0x21e ./MCAL/DIO/DIO_program.o
                0x0000175e                DIO_u8SetPinValue
 .text.DIO_u8SetPortValue
                0x0000197c       0x90 ./MCAL/DIO/DIO_program.o
                0x0000197c                DIO_u8SetPortValue
 .text.DIO_u8GetPinValue
                0x00001a0c      0x130 ./MCAL/DIO/DIO_program.o
                0x00001a0c                DIO_u8GetPinValue
 .text.DIO_u8TogglePinValue
                0x00001b3c      0x110 ./MCAL/DIO/DIO_program.o
                0x00001b3c                DIO_u8TogglePinValue
 .text.ADC_vidInit
                0x00001c4c       0x70 ./MCAL/ADC/ADC_program.o
                0x00001c4c                ADC_vidInit
 .text.ADC_u8StartConversionSynch
                0x00001cbc       0xe8 ./MCAL/ADC/ADC_program.o
                0x00001cbc                ADC_u8StartConversionSynch
 .text.ADC_u8SartConversionAsynch
                0x00001da4       0xa2 ./MCAL/ADC/ADC_program.o
                0x00001da4                ADC_u8SartConversionAsynch
 .text.__vector_16
                0x00001e46       0x7e ./MCAL/ADC/ADC_program.o
                0x00001e46                __vector_16
 .text.LED_u8SetLedOn
                0x00001ec4       0x3c ./HAL/LEDs/LEDs.o
                0x00001ec4                LED_u8SetLedOn
 .text.LED_u8SetLedOff
                0x00001f00       0x3c ./HAL/LEDs/LEDs.o
                0x00001f00                LED_u8SetLedOff
 .text.LED_u8ToggleLed
                0x00001f3c       0x3a ./HAL/LEDs/LEDs.o
                0x00001f3c                LED_u8ToggleLed
 .text.KPD_u8GetPressedKey
                0x00001f76       0xf0 ./HAL/KPD/KPD_program.o
                0x00001f76                KPD_u8GetPressedKey
 .text.KEYPAD_u8GetValue
                0x00002066       0x8a ./HAL/KPD/KPD_program.o
                0x00002066                KEYPAD_u8GetValue
 .text.EEPROM_INIT
                0x000020f0       0x12 ./HAL/EEPROM/EEPROM_MT.o
                0x000020f0                EEPROM_INIT
 .text.EEPROM_write
                0x00002102      0x12e ./HAL/EEPROM/EEPROM_MT.o
                0x00002102                EEPROM_write
 .text.EEPROM_READ
                0x00002230       0x48 ./HAL/EEPROM/EEPROM_MT.o
                0x00002230                EEPROM_READ
 .text.CLCD_vidSendCommand
                0x00002278      0x41e ./HAL/CLCD/CLCD_programe.o
                0x00002278                CLCD_vidSendCommand
 .text.CLCD_vidSendData
                0x00002696      0x41e ./HAL/CLCD/CLCD_programe.o
                0x00002696                CLCD_vidSendData
 .text.CLCD_vidInit
                0x00002ab4      0x122 ./HAL/CLCD/CLCD_programe.o
                0x00002ab4                CLCD_vidInit
 .text.CLCD_vidSednString
                0x00002bd6       0x52 ./HAL/CLCD/CLCD_programe.o
                0x00002bd6                CLCD_vidSednString
 .text.CLCD_vidGoToXY
                0x00002c28       0x3e ./HAL/CLCD/CLCD_programe.o
                0x00002c28                CLCD_vidGoToXY
 .text.CLCD_vidWriteSpecialCaracter
                0x00002c66       0x82 ./HAL/CLCD/CLCD_programe.o
                0x00002c66                CLCD_vidWriteSpecialCaracter
 .text.CLCD_vidSendLargeNmber
                0x00002ce8      0x1d6 ./HAL/CLCD/CLCD_programe.o
                0x00002ce8                CLCD_vidSendLargeNmber
 .text.CLCD_vidClearLcd
                0x00002ebe       0x14 ./HAL/CLCD/CLCD_programe.o
                0x00002ebe                CLCD_vidClearLcd
 .text.BUZZER_ON
                0x00002ed2       0x18 ./HAL/BUZZER/BUZZER.o
                0x00002ed2                BUZZER_ON
 .text.BUZZER_OFF
                0x00002eea       0x18 ./HAL/BUZZER/BUZZER.o
                0x00002eea                BUZZER_OFF
 .text.BUZZER_TOGGLE
                0x00002f02       0x16 ./HAL/BUZZER/BUZZER.o
                0x00002f02                BUZZER_TOGGLE
 .text.TEMP_CTRL_SYSTEM_INIT
                0x00002f18       0x54 ./APP_LAYER/APP_TEMP_SENS/APP_TEMP_CTRL_SYSTEM.o
                0x00002f18                TEMP_CTRL_SYSTEM_INIT
 .text.START_MASSAGE
                0x00002f6c      0x242 ./APP_LAYER/APP_TEMP_SENS/APP_TEMP_CTRL_SYSTEM.o
                0x00002f6c                START_MASSAGE
 .text.MAIN_MENUE
                0x000031ae      0x1ca ./APP_LAYER/APP_TEMP_SENS/APP_TEMP_CTRL_SYSTEM.o
                0x000031ae                MAIN_MENUE
 .text.SET_MOTOR_SPEED
                0x00003378       0x1a ./APP_LAYER/APP_TEMP_SENS/APP_TEMP_CTRL_SYSTEM.o
                0x00003378                SET_MOTOR_SPEED
 .text.TEMP_VALUE
                0x00003392      0x634 ./APP_LAYER/APP_TEMP_SENS/APP_TEMP_CTRL_SYSTEM.o
                0x00003392                TEMP_VALUE
 .text.MAIN_MENU_ISR
                0x000039c6       0x14 ./APP_LAYER/APP_TEMP_SENS/APP_TEMP_CTRL_SYSTEM.o
                0x000039c6                MAIN_MENU_ISR
 .text.STORE_voidTEMPRATURE
                0x000039da      0x4c6 ./APP_LAYER/APP_EEPROM/EEPROM_STORE.o
                0x000039da                STORE_voidTEMPRATURE
 .text.READ_STOR_voidTEMPARTURE
                0x00003ea0      0x246 ./APP_LAYER/APP_EEPROM/EEPROM_STORE.o
                0x00003ea0                READ_STOR_voidTEMPARTURE
 .text.main     0x000040e6      0x182 ./main.o
                0x000040e6                main
 .text.libgcc   0x00004268       0x3e f:/study programs/imt_sdk_win_64/winavr/bin/../lib/gcc/avr/4.3.3/avr5\libgcc.a(_mulsi3.o)
                0x00004268                __mulsi3
 .text.libgcc   0x000042a6       0x28 f:/study programs/imt_sdk_win_64/winavr/bin/../lib/gcc/avr/4.3.3/avr5\libgcc.a(_udivmodhi4.o)
                0x000042a6                __udivmodhi4
 .text.libgcc   0x000042ce       0x44 f:/study programs/imt_sdk_win_64/winavr/bin/../lib/gcc/avr/4.3.3/avr5\libgcc.a(_udivmodsi4.o)
                0x000042ce                __udivmodsi4
 .text.libgcc   0x00004312        0x0 f:/study programs/imt_sdk_win_64/winavr/bin/../lib/gcc/avr/4.3.3/avr5\libgcc.a(_exit.o)
 .text.libgcc   0x00004312        0x0 f:/study programs/imt_sdk_win_64/winavr/bin/../lib/gcc/avr/4.3.3/avr5\libgcc.a(_copy_data.o)
 .text.libgcc   0x00004312        0x0 f:/study programs/imt_sdk_win_64/winavr/bin/../lib/gcc/avr/4.3.3/avr5\libgcc.a(_clear_bss.o)
 .text.libgcc   0x00004312       0x38 f:/study programs/imt_sdk_win_64/winavr/bin/../lib/gcc/avr/4.3.3/avr5\libgcc.a(_prologue.o)
                0x00004312                __prologue_saves__
 .text.libgcc   0x0000434a       0x36 f:/study programs/imt_sdk_win_64/winavr/bin/../lib/gcc/avr/4.3.3/avr5\libgcc.a(_epilogue.o)
                0x0000434a                __epilogue_restores__
                0x00004380                . = ALIGN (0x2)
 *(.fini9)
 .fini9         0x00004380        0x0 f:/study programs/imt_sdk_win_64/winavr/bin/../lib/gcc/avr/4.3.3/avr5\libgcc.a(_exit.o)
                0x00004380                exit
                0x00004380                _exit
 *(.fini9)
 *(.fini8)
 *(.fini8)
 *(.fini7)
 *(.fini7)
 *(.fini6)
 *(.fini6)
 *(.fini5)
 *(.fini5)
 *(.fini4)
 *(.fini4)
 *(.fini3)
 *(.fini3)
 *(.fini2)
 *(.fini2)
 *(.fini1)
 *(.fini1)
 *(.fini0)
 .fini0         0x00004380        0x4 f:/study programs/imt_sdk_win_64/winavr/bin/../lib/gcc/avr/4.3.3/avr5\libgcc.a(_exit.o)
 *(.fini0)
                0x00004384                _etext = .

.data           0x00800060      0x1a0 load address 0x00004384
                0x00800060                PROVIDE (__data_start, .)
 *(.data)
 .data          0x00800060        0x0 f:/study programs/imt_sdk_win_64/winavr/bin/../lib/gcc/avr/4.3.3/../../../../avr/lib/avr5/crtm32.o
 .data          0x00800060        0x0 ./MCAL/UART/UART_prg.o
 .data          0x00800060        0x0 ./MCAL/TIMER/TIMER_programe.o
 .data          0x00800060        0x0 ./MCAL/PORT/PORT_program.o
 .data          0x00800060        0x0 ./MCAL/I2C/i2c_MT.o
 .data          0x00800060        0x0 ./MCAL/GIE/GIE_program.o
 .data          0x00800060        0x0 ./MCAL/EXTI/EXTI_program.o
 .data          0x00800060        0x0 ./MCAL/DIO/DIO_program.o
 .data          0x00800060        0x0 ./MCAL/ADC/ADC_program.o
 .data          0x00800060        0x0 ./HAL/LEDs/LEDs.o
 .data          0x00800060        0x0 ./HAL/KPD/KPD_program.o
 .data          0x00800060        0x0 ./HAL/EEPROM/EEPROM_MT.o
 .data          0x00800060        0x0 ./HAL/CLCD/CLCD_programe.o
 .data          0x00800060        0x0 ./HAL/BUZZER/BUZZER.o
 .data          0x00800060      0x109 ./APP_LAYER/APP_TEMP_SENS/APP_TEMP_CTRL_SYSTEM.o
 .data          0x00800169       0x75 ./APP_LAYER/APP_EEPROM/EEPROM_STORE.o
 .data          0x008001de        0x0 ./main.o
 .data          0x008001de        0x0 f:/study programs/imt_sdk_win_64/winavr/bin/../lib/gcc/avr/4.3.3/avr5\libgcc.a(_mulsi3.o)
 .data          0x008001de        0x0 f:/study programs/imt_sdk_win_64/winavr/bin/../lib/gcc/avr/4.3.3/avr5\libgcc.a(_udivmodhi4.o)
 .data          0x008001de        0x0 f:/study programs/imt_sdk_win_64/winavr/bin/../lib/gcc/avr/4.3.3/avr5\libgcc.a(_udivmodsi4.o)
 .data          0x008001de        0x0 f:/study programs/imt_sdk_win_64/winavr/bin/../lib/gcc/avr/4.3.3/avr5\libgcc.a(_exit.o)
 .data          0x008001de        0x0 f:/study programs/imt_sdk_win_64/winavr/bin/../lib/gcc/avr/4.3.3/avr5\libgcc.a(_copy_data.o)
 .data          0x008001de        0x0 f:/study programs/imt_sdk_win_64/winavr/bin/../lib/gcc/avr/4.3.3/avr5\libgcc.a(_clear_bss.o)
 .data          0x008001de        0x0 f:/study programs/imt_sdk_win_64/winavr/bin/../lib/gcc/avr/4.3.3/avr5\libgcc.a(_fixunssfsi.o)
 .data          0x008001de        0x0 f:/study programs/imt_sdk_win_64/winavr/bin/../lib/gcc/avr/4.3.3/avr5\libgcc.a(_addsub_sf.o)
 .data          0x008001de        0x0 f:/study programs/imt_sdk_win_64/winavr/bin/../lib/gcc/avr/4.3.3/avr5\libgcc.a(_mul_sf.o)
 .data          0x008001de        0x0 f:/study programs/imt_sdk_win_64/winavr/bin/../lib/gcc/avr/4.3.3/avr5\libgcc.a(_gt_sf.o)
 .data          0x008001de        0x0 f:/study programs/imt_sdk_win_64/winavr/bin/../lib/gcc/avr/4.3.3/avr5\libgcc.a(_ge_sf.o)
 .data          0x008001de        0x0 f:/study programs/imt_sdk_win_64/winavr/bin/../lib/gcc/avr/4.3.3/avr5\libgcc.a(_lt_sf.o)
 .data          0x008001de        0x0 f:/study programs/imt_sdk_win_64/winavr/bin/../lib/gcc/avr/4.3.3/avr5\libgcc.a(_sf_to_si.o)
 .data          0x008001de        0x8 f:/study programs/imt_sdk_win_64/winavr/bin/../lib/gcc/avr/4.3.3/avr5\libgcc.a(_thenan_sf.o)
                0x008001de                __thenan_sf
 .data          0x008001e6        0x0 f:/study programs/imt_sdk_win_64/winavr/bin/../lib/gcc/avr/4.3.3/avr5\libgcc.a(_prologue.o)
 .data          0x008001e6        0x0 f:/study programs/imt_sdk_win_64/winavr/bin/../lib/gcc/avr/4.3.3/avr5\libgcc.a(_epilogue.o)
 .data          0x008001e6        0x0 f:/study programs/imt_sdk_win_64/winavr/bin/../lib/gcc/avr/4.3.3/avr5\libgcc.a(_pack_sf.o)
 .data          0x008001e6        0x0 f:/study programs/imt_sdk_win_64/winavr/bin/../lib/gcc/avr/4.3.3/avr5\libgcc.a(_unpack_sf.o)
 .data          0x008001e6        0x0 f:/study programs/imt_sdk_win_64/winavr/bin/../lib/gcc/avr/4.3.3/avr5\libgcc.a(_fpcmp_parts_sf.o)
 *(.data*)
 .data.Local_u8KPDROWArr.1305
                0x008001e6        0x4 ./HAL/KPD/KPD_program.o
 .data.Local_u8KPDColumnArr.1304
                0x008001ea        0x4 ./HAL/KPD/KPD_program.o
 .data.Local_u8KPDArr.1303
                0x008001ee       0x10 ./HAL/KPD/KPD_program.o
 .data.GLOBAL_u8SELECTOR
                0x008001fe        0x1 ./APP_LAYER/APP_TEMP_SENS/APP_TEMP_CTRL_SYSTEM.o
                0x008001fe                GLOBAL_u8SELECTOR
 *(.rodata)
 *(.rodata*)
 *(.gnu.linkonce.d*)
                0x00800200                . = ALIGN (0x2)
 *fill*         0x008001ff        0x1 00
                0x00800200                _edata = .
                0x00800200                PROVIDE (__data_end, .)

.bss            0x00800200       0x15
                0x00800200                PROVIDE (__bss_start, .)
 *(.bss)
 .bss           0x00800200        0x0 f:/study programs/imt_sdk_win_64/winavr/bin/../lib/gcc/avr/4.3.3/../../../../avr/lib/avr5/crtm32.o
 .bss           0x00800200        0x0 ./MCAL/UART/UART_prg.o
 .bss           0x00800200        0x0 ./MCAL/TIMER/TIMER_programe.o
 .bss           0x00800200        0x0 ./MCAL/PORT/PORT_program.o
 .bss           0x00800200        0x0 ./MCAL/I2C/i2c_MT.o
 .bss           0x00800200        0x0 ./MCAL/GIE/GIE_program.o
 .bss           0x00800200        0x0 ./MCAL/EXTI/EXTI_program.o
 .bss           0x00800200        0x0 ./MCAL/DIO/DIO_program.o
 .bss           0x00800200        0x0 ./MCAL/ADC/ADC_program.o
 .bss           0x00800200        0x0 ./HAL/LEDs/LEDs.o
 .bss           0x00800200        0x0 ./HAL/KPD/KPD_program.o
 .bss           0x00800200        0x0 ./HAL/EEPROM/EEPROM_MT.o
 .bss           0x00800200        0x0 ./HAL/CLCD/CLCD_programe.o
 .bss           0x00800200        0x0 ./HAL/BUZZER/BUZZER.o
 .bss           0x00800200        0x0 ./APP_LAYER/APP_TEMP_SENS/APP_TEMP_CTRL_SYSTEM.o
 .bss           0x00800200        0x0 ./APP_LAYER/APP_EEPROM/EEPROM_STORE.o
 .bss           0x00800200        0x0 ./main.o
 .bss           0x00800200        0x0 f:/study programs/imt_sdk_win_64/winavr/bin/../lib/gcc/avr/4.3.3/avr5\libgcc.a(_mulsi3.o)
 .bss           0x00800200        0x0 f:/study programs/imt_sdk_win_64/winavr/bin/../lib/gcc/avr/4.3.3/avr5\libgcc.a(_udivmodhi4.o)
 .bss           0x00800200        0x0 f:/study programs/imt_sdk_win_64/winavr/bin/../lib/gcc/avr/4.3.3/avr5\libgcc.a(_udivmodsi4.o)
 .bss           0x00800200        0x0 f:/study programs/imt_sdk_win_64/winavr/bin/../lib/gcc/avr/4.3.3/avr5\libgcc.a(_exit.o)
 .bss           0x00800200        0x0 f:/study programs/imt_sdk_win_64/winavr/bin/../lib/gcc/avr/4.3.3/avr5\libgcc.a(_copy_data.o)
 .bss           0x00800200        0x0 f:/study programs/imt_sdk_win_64/winavr/bin/../lib/gcc/avr/4.3.3/avr5\libgcc.a(_clear_bss.o)
 .bss           0x00800200        0x0 f:/study programs/imt_sdk_win_64/winavr/bin/../lib/gcc/avr/4.3.3/avr5\libgcc.a(_fixunssfsi.o)
 .bss           0x00800200        0x0 f:/study programs/imt_sdk_win_64/winavr/bin/../lib/gcc/avr/4.3.3/avr5\libgcc.a(_addsub_sf.o)
 .bss           0x00800200        0x0 f:/study programs/imt_sdk_win_64/winavr/bin/../lib/gcc/avr/4.3.3/avr5\libgcc.a(_mul_sf.o)
 .bss           0x00800200        0x0 f:/study programs/imt_sdk_win_64/winavr/bin/../lib/gcc/avr/4.3.3/avr5\libgcc.a(_gt_sf.o)
 .bss           0x00800200        0x0 f:/study programs/imt_sdk_win_64/winavr/bin/../lib/gcc/avr/4.3.3/avr5\libgcc.a(_ge_sf.o)
 .bss           0x00800200        0x0 f:/study programs/imt_sdk_win_64/winavr/bin/../lib/gcc/avr/4.3.3/avr5\libgcc.a(_lt_sf.o)
 .bss           0x00800200        0x0 f:/study programs/imt_sdk_win_64/winavr/bin/../lib/gcc/avr/4.3.3/avr5\libgcc.a(_sf_to_si.o)
 .bss           0x00800200        0x0 f:/study programs/imt_sdk_win_64/winavr/bin/../lib/gcc/avr/4.3.3/avr5\libgcc.a(_thenan_sf.o)
 .bss           0x00800200        0x0 f:/study programs/imt_sdk_win_64/winavr/bin/../lib/gcc/avr/4.3.3/avr5\libgcc.a(_prologue.o)
 .bss           0x00800200        0x0 f:/study programs/imt_sdk_win_64/winavr/bin/../lib/gcc/avr/4.3.3/avr5\libgcc.a(_epilogue.o)
 .bss           0x00800200        0x0 f:/study programs/imt_sdk_win_64/winavr/bin/../lib/gcc/avr/4.3.3/avr5\libgcc.a(_pack_sf.o)
 .bss           0x00800200        0x0 f:/study programs/imt_sdk_win_64/winavr/bin/../lib/gcc/avr/4.3.3/avr5\libgcc.a(_unpack_sf.o)
 .bss           0x00800200        0x0 f:/study programs/imt_sdk_win_64/winavr/bin/../lib/gcc/avr/4.3.3/avr5\libgcc.a(_fpcmp_parts_sf.o)
 *(.bss*)
 .bss.TIMER0_pvCallBackFunc
                0x00800200        0x2 ./MCAL/TIMER/TIMER_programe.o
 .bss.EXTI_pvINT0func
                0x00800202        0x2 ./MCAL/EXTI/EXTI_program.o
                0x00800202                EXTI_pvINT0func
 .bss.EXTI_pvINT1func
                0x00800204        0x2 ./MCAL/EXTI/EXTI_program.o
                0x00800204                EXTI_pvINT1func
 .bss.EXTI_pvINT2func
                0x00800206        0x2 ./MCAL/EXTI/EXTI_program.o
                0x00800206                EXTI_pvINT2func
 .bss.ADC_pu16Reading
                0x00800208        0x2 ./MCAL/ADC/ADC_program.o
 .bss.ADC_pvCallBackNotficationFunc
                0x0080020a        0x2 ./MCAL/ADC/ADC_program.o
 .bss.Local_Uart_state
                0x0080020c        0x1 ./APP_LAYER/APP_TEMP_SENS/APP_TEMP_CTRL_SYSTEM.o
                0x0080020c                Local_Uart_state
 .bss.Local_Uart_check
                0x0080020d        0x1 ./APP_LAYER/APP_TEMP_SENS/APP_TEMP_CTRL_SYSTEM.o
                0x0080020d                Local_Uart_check
 .bss.tempr.1318
                0x0080020e        0x1 ./APP_LAYER/APP_EEPROM/EEPROM_STORE.o
 .bss.copy_TempLow.1317
                0x0080020f        0x1 ./APP_LAYER/APP_EEPROM/EEPROM_STORE.o
 .bss.copy_TempHigh.1316
                0x00800210        0x1 ./APP_LAYER/APP_EEPROM/EEPROM_STORE.o
 *(COMMON)
 COMMON         0x00800211        0x4 ./MCAL/UART/UART_prg.o
                0x00800211                CallBackReceive
                0x00800213                CallBackSend
                0x00800215                PROVIDE (__bss_end, .)
                0x00004384                __data_load_start = LOADADDR (.data)
                0x00004524                __data_load_end = (__data_load_start + SIZEOF (.data))

.noinit         0x00800215        0x0
                0x00800215                PROVIDE (__noinit_start, .)
 *(.noinit*)
                0x00800215                PROVIDE (__noinit_end, .)
                0x00800215                _end = .
                0x00800215                PROVIDE (__heap_start, .)

.eeprom         0x00810000        0x0
 *(.eeprom*)
                0x00810000                __eeprom_end = .

.fuse
 *(.fuse)
 *(.lfuse)
 *(.hfuse)
 *(.efuse)

.lock
 *(.lock*)

.signature
 *(.signature*)

.stab           0x00000000     0x5490
 *(.stab)
 .stab          0x00000000      0x564 ./MCAL/UART/UART_prg.o
 .stab          0x00000564      0x408 ./MCAL/TIMER/TIMER_programe.o
                                0x414 (size before relaxing)
 .stab          0x0000096c      0x1d4 ./MCAL/PORT/PORT_program.o
                                0x1e0 (size before relaxing)
 .stab          0x00000b40      0x504 ./MCAL/I2C/i2c_MT.o
                                0x510 (size before relaxing)
 .stab          0x00001044      0x1b0 ./MCAL/GIE/GIE_program.o
                                0x1bc (size before relaxing)
 .stab          0x000011f4      0x7f8 ./MCAL/EXTI/EXTI_program.o
                                0x804 (size before relaxing)
 .stab          0x000019ec      0x504 ./MCAL/DIO/DIO_program.o
                                0x510 (size before relaxing)
 .stab          0x00001ef0      0x408 ./MCAL/ADC/ADC_program.o
                                0x414 (size before relaxing)
 .stab          0x000022f8      0x324 ./HAL/LEDs/LEDs.o
                                0x330 (size before relaxing)
 .stab          0x0000261c      0x3b4 ./HAL/KPD/KPD_program.o
                                0x540 (size before relaxing)
 .stab          0x000029d0      0x384 ./HAL/EEPROM/EEPROM_MT.o
                                0x540 (size before relaxing)
 .stab          0x00002d54      0xccc ./HAL/CLCD/CLCD_programe.o
                                0xe64 (size before relaxing)
 .stab          0x00003a20      0x1e0 ./HAL/BUZZER/BUZZER.o
                                0x1ec (size before relaxing)
 .stab          0x00003c00      0xd44 ./APP_LAYER/APP_TEMP_SENS/APP_TEMP_CTRL_SYSTEM.o
                                0xedc (size before relaxing)
 .stab          0x00004944      0x87c ./APP_LAYER/APP_EEPROM/EEPROM_STORE.o
                                0xa38 (size before relaxing)
 .stab          0x000051c0      0x2d0 ./main.o
                                0x468 (size before relaxing)

.stabstr        0x00000000     0x1c66
 *(.stabstr)
 .stabstr       0x00000000     0x1c66 ./MCAL/UART/UART_prg.o

.stab.excl
 *(.stab.excl)

.stab.exclstr
 *(.stab.exclstr)

.stab.index
 *(.stab.index)

.stab.indexstr
 *(.stab.indexstr)

.comment
 *(.comment)

.debug
 *(.debug)

.line
 *(.line)

.debug_srcinfo
 *(.debug_srcinfo)

.debug_sfnames
 *(.debug_sfnames)

.debug_aranges  0x00000000      0x140
 *(.debug_aranges)
 .debug_aranges
                0x00000000       0x20 f:/study programs/imt_sdk_win_64/winavr/bin/../lib/gcc/avr/4.3.3/avr5\libgcc.a(_fixunssfsi.o)
 .debug_aranges
                0x00000020       0x20 f:/study programs/imt_sdk_win_64/winavr/bin/../lib/gcc/avr/4.3.3/avr5\libgcc.a(_addsub_sf.o)
 .debug_aranges
                0x00000040       0x20 f:/study programs/imt_sdk_win_64/winavr/bin/../lib/gcc/avr/4.3.3/avr5\libgcc.a(_mul_sf.o)
 .debug_aranges
                0x00000060       0x20 f:/study programs/imt_sdk_win_64/winavr/bin/../lib/gcc/avr/4.3.3/avr5\libgcc.a(_gt_sf.o)
 .debug_aranges
                0x00000080       0x20 f:/study programs/imt_sdk_win_64/winavr/bin/../lib/gcc/avr/4.3.3/avr5\libgcc.a(_ge_sf.o)
 .debug_aranges
                0x000000a0       0x20 f:/study programs/imt_sdk_win_64/winavr/bin/../lib/gcc/avr/4.3.3/avr5\libgcc.a(_lt_sf.o)
 .debug_aranges
                0x000000c0       0x20 f:/study programs/imt_sdk_win_64/winavr/bin/../lib/gcc/avr/4.3.3/avr5\libgcc.a(_sf_to_si.o)
 .debug_aranges
                0x000000e0       0x20 f:/study programs/imt_sdk_win_64/winavr/bin/../lib/gcc/avr/4.3.3/avr5\libgcc.a(_pack_sf.o)
 .debug_aranges
                0x00000100       0x20 f:/study programs/imt_sdk_win_64/winavr/bin/../lib/gcc/avr/4.3.3/avr5\libgcc.a(_unpack_sf.o)
 .debug_aranges
                0x00000120       0x20 f:/study programs/imt_sdk_win_64/winavr/bin/../lib/gcc/avr/4.3.3/avr5\libgcc.a(_fpcmp_parts_sf.o)

.debug_pubnames
                0x00000000      0x170
 *(.debug_pubnames)
 .debug_pubnames
                0x00000000       0x23 f:/study programs/imt_sdk_win_64/winavr/bin/../lib/gcc/avr/4.3.3/avr5\libgcc.a(_fixunssfsi.o)
 .debug_pubnames
                0x00000023       0x2c f:/study programs/imt_sdk_win_64/winavr/bin/../lib/gcc/avr/4.3.3/avr5\libgcc.a(_addsub_sf.o)
 .debug_pubnames
                0x0000004f       0x1f f:/study programs/imt_sdk_win_64/winavr/bin/../lib/gcc/avr/4.3.3/avr5\libgcc.a(_mul_sf.o)
 .debug_pubnames
                0x0000006e       0x1e f:/study programs/imt_sdk_win_64/winavr/bin/../lib/gcc/avr/4.3.3/avr5\libgcc.a(_gt_sf.o)
 .debug_pubnames
                0x0000008c       0x1e f:/study programs/imt_sdk_win_64/winavr/bin/../lib/gcc/avr/4.3.3/avr5\libgcc.a(_ge_sf.o)
 .debug_pubnames
                0x000000aa       0x1e f:/study programs/imt_sdk_win_64/winavr/bin/../lib/gcc/avr/4.3.3/avr5\libgcc.a(_lt_sf.o)
 .debug_pubnames
                0x000000c8       0x20 f:/study programs/imt_sdk_win_64/winavr/bin/../lib/gcc/avr/4.3.3/avr5\libgcc.a(_sf_to_si.o)
 .debug_pubnames
                0x000000e8       0x22 f:/study programs/imt_sdk_win_64/winavr/bin/../lib/gcc/avr/4.3.3/avr5\libgcc.a(_thenan_sf.o)
 .debug_pubnames
                0x0000010a       0x1f f:/study programs/imt_sdk_win_64/winavr/bin/../lib/gcc/avr/4.3.3/avr5\libgcc.a(_pack_sf.o)
 .debug_pubnames
                0x00000129       0x21 f:/study programs/imt_sdk_win_64/winavr/bin/../lib/gcc/avr/4.3.3/avr5\libgcc.a(_unpack_sf.o)
 .debug_pubnames
                0x0000014a       0x26 f:/study programs/imt_sdk_win_64/winavr/bin/../lib/gcc/avr/4.3.3/avr5\libgcc.a(_fpcmp_parts_sf.o)

.debug_info     0x00000000     0x1c49
 *(.debug_info)
 .debug_info    0x00000000       0xb1 f:/study programs/imt_sdk_win_64/winavr/bin/../lib/gcc/avr/4.3.3/avr5\libgcc.a(_fixunssfsi.o)
 .debug_info    0x000000b1      0x47a f:/study programs/imt_sdk_win_64/winavr/bin/../lib/gcc/avr/4.3.3/avr5\libgcc.a(_addsub_sf.o)
 .debug_info    0x0000052b      0x485 f:/study programs/imt_sdk_win_64/winavr/bin/../lib/gcc/avr/4.3.3/avr5\libgcc.a(_mul_sf.o)
 .debug_info    0x000009b0      0x27f f:/study programs/imt_sdk_win_64/winavr/bin/../lib/gcc/avr/4.3.3/avr5\libgcc.a(_gt_sf.o)
 .debug_info    0x00000c2f      0x27f f:/study programs/imt_sdk_win_64/winavr/bin/../lib/gcc/avr/4.3.3/avr5\libgcc.a(_ge_sf.o)
 .debug_info    0x00000eae      0x27f f:/study programs/imt_sdk_win_64/winavr/bin/../lib/gcc/avr/4.3.3/avr5\libgcc.a(_lt_sf.o)
 .debug_info    0x0000112d      0x2b0 f:/study programs/imt_sdk_win_64/winavr/bin/../lib/gcc/avr/4.3.3/avr5\libgcc.a(_sf_to_si.o)
 .debug_info    0x000013dd      0x12c f:/study programs/imt_sdk_win_64/winavr/bin/../lib/gcc/avr/4.3.3/avr5\libgcc.a(_thenan_sf.o)
 .debug_info    0x00001509      0x2df f:/study programs/imt_sdk_win_64/winavr/bin/../lib/gcc/avr/4.3.3/avr5\libgcc.a(_pack_sf.o)
 .debug_info    0x000017e8      0x251 f:/study programs/imt_sdk_win_64/winavr/bin/../lib/gcc/avr/4.3.3/avr5\libgcc.a(_unpack_sf.o)
 .debug_info    0x00001a39      0x210 f:/study programs/imt_sdk_win_64/winavr/bin/../lib/gcc/avr/4.3.3/avr5\libgcc.a(_fpcmp_parts_sf.o)
 *(.gnu.linkonce.wi.*)

.debug_abbrev   0x00000000      0xeeb
 *(.debug_abbrev)
 .debug_abbrev  0x00000000       0x5d f:/study programs/imt_sdk_win_64/winavr/bin/../lib/gcc/avr/4.3.3/avr5\libgcc.a(_fixunssfsi.o)
 .debug_abbrev  0x0000005d      0x1ea f:/study programs/imt_sdk_win_64/winavr/bin/../lib/gcc/avr/4.3.3/avr5\libgcc.a(_addsub_sf.o)
 .debug_abbrev  0x00000247      0x21b f:/study programs/imt_sdk_win_64/winavr/bin/../lib/gcc/avr/4.3.3/avr5\libgcc.a(_mul_sf.o)
 .debug_abbrev  0x00000462      0x15a f:/study programs/imt_sdk_win_64/winavr/bin/../lib/gcc/avr/4.3.3/avr5\libgcc.a(_gt_sf.o)
 .debug_abbrev  0x000005bc      0x15a f:/study programs/imt_sdk_win_64/winavr/bin/../lib/gcc/avr/4.3.3/avr5\libgcc.a(_ge_sf.o)
 .debug_abbrev  0x00000716      0x15a f:/study programs/imt_sdk_win_64/winavr/bin/../lib/gcc/avr/4.3.3/avr5\libgcc.a(_lt_sf.o)
 .debug_abbrev  0x00000870      0x17f f:/study programs/imt_sdk_win_64/winavr/bin/../lib/gcc/avr/4.3.3/avr5\libgcc.a(_sf_to_si.o)
 .debug_abbrev  0x000009ef       0xad f:/study programs/imt_sdk_win_64/winavr/bin/../lib/gcc/avr/4.3.3/avr5\libgcc.a(_thenan_sf.o)
 .debug_abbrev  0x00000a9c      0x1c0 f:/study programs/imt_sdk_win_64/winavr/bin/../lib/gcc/avr/4.3.3/avr5\libgcc.a(_pack_sf.o)
 .debug_abbrev  0x00000c5c      0x154 f:/study programs/imt_sdk_win_64/winavr/bin/../lib/gcc/avr/4.3.3/avr5\libgcc.a(_unpack_sf.o)
 .debug_abbrev  0x00000db0      0x13b f:/study programs/imt_sdk_win_64/winavr/bin/../lib/gcc/avr/4.3.3/avr5\libgcc.a(_fpcmp_parts_sf.o)

.debug_line     0x00000000      0xdad
 *(.debug_line)
 .debug_line    0x00000000       0xa7 f:/study programs/imt_sdk_win_64/winavr/bin/../lib/gcc/avr/4.3.3/avr5\libgcc.a(_fixunssfsi.o)
 .debug_line    0x000000a7      0x2af f:/study programs/imt_sdk_win_64/winavr/bin/../lib/gcc/avr/4.3.3/avr5\libgcc.a(_addsub_sf.o)
 .debug_line    0x00000356      0x239 f:/study programs/imt_sdk_win_64/winavr/bin/../lib/gcc/avr/4.3.3/avr5\libgcc.a(_mul_sf.o)
 .debug_line    0x0000058f       0xd3 f:/study programs/imt_sdk_win_64/winavr/bin/../lib/gcc/avr/4.3.3/avr5\libgcc.a(_gt_sf.o)
 .debug_line    0x00000662       0xd3 f:/study programs/imt_sdk_win_64/winavr/bin/../lib/gcc/avr/4.3.3/avr5\libgcc.a(_ge_sf.o)
 .debug_line    0x00000735       0xd3 f:/study programs/imt_sdk_win_64/winavr/bin/../lib/gcc/avr/4.3.3/avr5\libgcc.a(_lt_sf.o)
 .debug_line    0x00000808      0x109 f:/study programs/imt_sdk_win_64/winavr/bin/../lib/gcc/avr/4.3.3/avr5\libgcc.a(_sf_to_si.o)
 .debug_line    0x00000911       0x90 f:/study programs/imt_sdk_win_64/winavr/bin/../lib/gcc/avr/4.3.3/avr5\libgcc.a(_thenan_sf.o)
 .debug_line    0x000009a1      0x18a f:/study programs/imt_sdk_win_64/winavr/bin/../lib/gcc/avr/4.3.3/avr5\libgcc.a(_pack_sf.o)
 .debug_line    0x00000b2b      0x14b f:/study programs/imt_sdk_win_64/winavr/bin/../lib/gcc/avr/4.3.3/avr5\libgcc.a(_unpack_sf.o)
 .debug_line    0x00000c76      0x137 f:/study programs/imt_sdk_win_64/winavr/bin/../lib/gcc/avr/4.3.3/avr5\libgcc.a(_fpcmp_parts_sf.o)

.debug_frame    0x00000000      0x160
 *(.debug_frame)
 .debug_frame   0x00000000       0x20 f:/study programs/imt_sdk_win_64/winavr/bin/../lib/gcc/avr/4.3.3/avr5\libgcc.a(_fixunssfsi.o)
 .debug_frame   0x00000020       0x40 f:/study programs/imt_sdk_win_64/winavr/bin/../lib/gcc/avr/4.3.3/avr5\libgcc.a(_addsub_sf.o)
 .debug_frame   0x00000060       0x20 f:/study programs/imt_sdk_win_64/winavr/bin/../lib/gcc/avr/4.3.3/avr5\libgcc.a(_mul_sf.o)
 .debug_frame   0x00000080       0x20 f:/study programs/imt_sdk_win_64/winavr/bin/../lib/gcc/avr/4.3.3/avr5\libgcc.a(_gt_sf.o)
 .debug_frame   0x000000a0       0x20 f:/study programs/imt_sdk_win_64/winavr/bin/../lib/gcc/avr/4.3.3/avr5\libgcc.a(_ge_sf.o)
 .debug_frame   0x000000c0       0x20 f:/study programs/imt_sdk_win_64/winavr/bin/../lib/gcc/avr/4.3.3/avr5\libgcc.a(_lt_sf.o)
 .debug_frame   0x000000e0       0x20 f:/study programs/imt_sdk_win_64/winavr/bin/../lib/gcc/avr/4.3.3/avr5\libgcc.a(_sf_to_si.o)
 .debug_frame   0x00000100       0x20 f:/study programs/imt_sdk_win_64/winavr/bin/../lib/gcc/avr/4.3.3/avr5\libgcc.a(_pack_sf.o)
 .debug_frame   0x00000120       0x20 f:/study programs/imt_sdk_win_64/winavr/bin/../lib/gcc/avr/4.3.3/avr5\libgcc.a(_unpack_sf.o)
 .debug_frame   0x00000140       0x20 f:/study programs/imt_sdk_win_64/winavr/bin/../lib/gcc/avr/4.3.3/avr5\libgcc.a(_fpcmp_parts_sf.o)

.debug_str      0x00000000      0x28d
 *(.debug_str)
 .debug_str     0x00000000       0xbf f:/study programs/imt_sdk_win_64/winavr/bin/../lib/gcc/avr/4.3.3/avr5\libgcc.a(_fixunssfsi.o)
                                 0xfe (size before relaxing)
 .debug_str     0x000000bf      0x14d f:/study programs/imt_sdk_win_64/winavr/bin/../lib/gcc/avr/4.3.3/avr5\libgcc.a(_addsub_sf.o)
                                0x206 (size before relaxing)
 .debug_str     0x0000020c       0x27 f:/study programs/imt_sdk_win_64/winavr/bin/../lib/gcc/avr/4.3.3/avr5\libgcc.a(_mul_sf.o)
                                0x1bf (size before relaxing)
 .debug_str     0x00000233        0xf f:/study programs/imt_sdk_win_64/winavr/bin/../lib/gcc/avr/4.3.3/avr5\libgcc.a(_gt_sf.o)
                                0x195 (size before relaxing)
 .debug_str     0x00000242        0x8 f:/study programs/imt_sdk_win_64/winavr/bin/../lib/gcc/avr/4.3.3/avr5\libgcc.a(_ge_sf.o)
                                0x195 (size before relaxing)
 .debug_str     0x0000024a        0x8 f:/study programs/imt_sdk_win_64/winavr/bin/../lib/gcc/avr/4.3.3/avr5\libgcc.a(_lt_sf.o)
                                0x195 (size before relaxing)
 .debug_str     0x00000252        0xa f:/study programs/imt_sdk_win_64/winavr/bin/../lib/gcc/avr/4.3.3/avr5\libgcc.a(_sf_to_si.o)
                                0x19e (size before relaxing)
 .debug_str     0x00000000      0x103 f:/study programs/imt_sdk_win_64/winavr/bin/../lib/gcc/avr/4.3.3/avr5\libgcc.a(_thenan_sf.o)
 .debug_str     0x0000025c       0x16 f:/study programs/imt_sdk_win_64/winavr/bin/../lib/gcc/avr/4.3.3/avr5\libgcc.a(_pack_sf.o)
                                0x19d (size before relaxing)
 .debug_str     0x00000272        0xb f:/study programs/imt_sdk_win_64/winavr/bin/../lib/gcc/avr/4.3.3/avr5\libgcc.a(_unpack_sf.o)
                                0x17f (size before relaxing)
 .debug_str     0x0000027d       0x10 f:/study programs/imt_sdk_win_64/winavr/bin/../lib/gcc/avr/4.3.3/avr5\libgcc.a(_fpcmp_parts_sf.o)
                                0x163 (size before relaxing)

.debug_loc      0x00000000      0x7ce
 *(.debug_loc)
 .debug_loc     0x00000000       0x34 f:/study programs/imt_sdk_win_64/winavr/bin/../lib/gcc/avr/4.3.3/avr5\libgcc.a(_fixunssfsi.o)
 .debug_loc     0x00000034      0x32a f:/study programs/imt_sdk_win_64/winavr/bin/../lib/gcc/avr/4.3.3/avr5\libgcc.a(_addsub_sf.o)
 .debug_loc     0x0000035e      0x104 f:/study programs/imt_sdk_win_64/winavr/bin/../lib/gcc/avr/4.3.3/avr5\libgcc.a(_mul_sf.o)
 .debug_loc     0x00000462       0x3c f:/study programs/imt_sdk_win_64/winavr/bin/../lib/gcc/avr/4.3.3/avr5\libgcc.a(_gt_sf.o)
 .debug_loc     0x0000049e       0x3c f:/study programs/imt_sdk_win_64/winavr/bin/../lib/gcc/avr/4.3.3/avr5\libgcc.a(_ge_sf.o)
 .debug_loc     0x000004da       0x3c f:/study programs/imt_sdk_win_64/winavr/bin/../lib/gcc/avr/4.3.3/avr5\libgcc.a(_lt_sf.o)
 .debug_loc     0x00000516       0x7e f:/study programs/imt_sdk_win_64/winavr/bin/../lib/gcc/avr/4.3.3/avr5\libgcc.a(_sf_to_si.o)
 .debug_loc     0x00000594      0x13e f:/study programs/imt_sdk_win_64/winavr/bin/../lib/gcc/avr/4.3.3/avr5\libgcc.a(_pack_sf.o)
 .debug_loc     0x000006d2       0xac f:/study programs/imt_sdk_win_64/winavr/bin/../lib/gcc/avr/4.3.3/avr5\libgcc.a(_unpack_sf.o)
 .debug_loc     0x0000077e       0x50 f:/study programs/imt_sdk_win_64/winavr/bin/../lib/gcc/avr/4.3.3/avr5\libgcc.a(_fpcmp_parts_sf.o)

.debug_macinfo
 *(.debug_macinfo)
OUTPUT(temp_system.elf elf32-avr)
LOAD linker stubs

.debug_ranges   0x00000000       0x50
 .debug_ranges  0x00000000       0x50 f:/study programs/imt_sdk_win_64/winavr/bin/../lib/gcc/avr/4.3.3/avr5\libgcc.a(_mul_sf.o)
